[     513ms] [ERROR] Failed to load resource: the server responded with a status of 401 () @ https://bet-analyzer-ntqxstse6-jaystay-bots-projects.vercel.app/api/splits:0
[    1492ms] [LOG] %c
▲

    ________   _ __ _          ____           __
   /  _/ __/  (_) /( )_____   / __/___ ______/ /_
   / // /_   / / __/// ___/  / /_/ __ `/ ___/ __/
 _/ // __/  / / /_  (__  )  / __/ /_/ (__  ) /_
/___/_/    /_/\__/ /____/  /_/  \__,_/____/\__/
    _ __ _                         _    __                    __
   (_) /( )_____   ____  ____     | |  / /__  _____________  / /
  / / __/// ___/  / __ \/ __ \    | | / / _ \/ ___/ ___/ _ \/ /
 / / /_  (__  )  / /_/ / / / /    | |/ /  __/ /  / /__/  __/ /
/_/\__/ /____/   \____/_/ /_/     |___/\___/_/   \___/\___/_/
  

Hello!

- Open Source https://vercel.com/oss
- Careers https://vercel.com/careers
- Status https://vercel-status.com

 font-family: "Geist Mono", monospace; white-space: pre; line-height: 1; @ https://vercel.com/_next/static/chunks/01y--5zzwwg65.js?dpl=dpl_ErzgkgYqbphVvJp7oSFPSxwFhpP6:72
[    1854ms] [WARNING] [GSI_LOGGER]: Your client application uses one of the Google One Tap prompt UI status methods that may stop functioning when FedCM becomes mandatory. Refer to the migration guide to update your code accordingly and opt-in to FedCM to test your changes. Learn more: https://developers.google.com/identity/gsi/web/guides/fedcm-migration?s=dc#display_moment and https://developers.google.com/identity/gsi/web/guides/fedcm-migration?s=dc#skipped_moment @ https://accounts.google.com/gsi/client:80
[    2100ms] [ERROR] Failed to load resource: the server responded with a status of 403 () @ https://vercel.com/api/jwt:0
[    2437ms] [WARNING] Deprecated API for given entry type. @ https://vercel.com/_next/static/chunks/390_-upaaoe2i.js?dpl=dpl_ErzgkgYqbphVvJp7oSFPSxwFhpP6:18
[    5632ms] [WARNING] The resource https://vercel.com/_next/static/media/stripe-light.2l_1jctpe6k_4.svg?dpl=dpl_ErzgkgYqbphVvJp7oSFPSxwFhpP6 was preloaded using link preload but not used within a few seconds from the window's load event. Please make sure it has an appropriate `as` value and it is preloaded intentionally. @ https://vercel.com/login?next=%2Fsso-api%3Furl%3Dhttps%253A%252F%252Fbet-analyzer-ntqxstse6-jaystay-bots-projects.vercel.app%252Fapi%252Fsplits%26nonce%3D59e950905b8f128b8665e47d7d3eeda831ecd441530227f0966152f34eab7879:0
[    5632ms] [WARNING] The resource https://vercel.com/_next/static/media/ebay-light.3ft_ki8203ov0.svg?dpl=dpl_ErzgkgYqbphVvJp7oSFPSxwFhpP6 was preloaded using link preload but not used within a few seconds from the window's load event. Please make sure it has an appropriate `as` value and it is preloaded intentionally. @ https://vercel.com/login?next=%2Fsso-api%3Furl%3Dhttps%253A%252F%252Fbet-analyzer-ntqxstse6-jaystay-bots-projects.vercel.app%252Fapi%252Fsplits%26nonce%3D59e950905b8f128b8665e47d7d3eeda831ecd441530227f0966152f34eab7879:0
[    5632ms] [WARNING] The resource https://vercel.com/_next/static/media/ebay-dark.34mho2a18qqlt.svg?dpl=dpl_ErzgkgYqbphVvJp7oSFPSxwFhpP6 was preloaded using link preload but not used within a few seconds from the window's load event. Please make sure it has an appropriate `as` value and it is preloaded intentionally. @ https://vercel.com/login?next=%2Fsso-api%3Furl%3Dhttps%253A%252F%252Fbet-analyzer-ntqxstse6-jaystay-bots-projects.vercel.app%252Fapi%252Fsplits%26nonce%3D59e950905b8f128b8665e47d7d3eeda831ecd441530227f0966152f34eab7879:0
[    5633ms] [WARNING] The resource https://vercel.com/_next/static/media/adobe-light.406_7oryl71va.svg?dpl=dpl_ErzgkgYqbphVvJp7oSFPSxwFhpP6 was preloaded using link preload but not used within a few seconds from the window's load event. Please make sure it has an appropriate `as` value and it is preloaded intentionally. @ https://vercel.com/login?next=%2Fsso-api%3Furl%3Dhttps%253A%252F%252Fbet-analyzer-ntqxstse6-jaystay-bots-projects.vercel.app%252Fapi%252Fsplits%26nonce%3D59e950905b8f128b8665e47d7d3eeda831ecd441530227f0966152f34eab7879:0
[    5633ms] [WARNING] The resource https://vercel.com/_next/static/media/stripe-dark.16ozjth2vgb_3.svg?dpl=dpl_ErzgkgYqbphVvJp7oSFPSxwFhpP6 was preloaded using link preload but not used within a few seconds from the window's load event. Please make sure it has an appropriate `as` value and it is preloaded intentionally. @ https://vercel.com/login?next=%2Fsso-api%3Furl%3Dhttps%253A%252F%252Fbet-analyzer-ntqxstse6-jaystay-bots-projects.vercel.app%252Fapi%252Fsplits%26nonce%3D59e950905b8f128b8665e47d7d3eeda831ecd441530227f0966152f34eab7879:0
[    5633ms] [WARNING] The resource https://vercel.com/_next/static/chunks/1iy8sjllhh0-p.css?dpl=dpl_ErzgkgYqbphVvJp7oSFPSxwFhpP6 was preloaded using link preload but not used within a few seconds from the window's load event. Please make sure it has an appropriate `as` value and it is preloaded intentionally. @ https://vercel.com/login?next=%2Fsso-api%3Furl%3Dhttps%253A%252F%252Fbet-analyzer-ntqxstse6-jaystay-bots-projects.vercel.app%252Fapi%252Fsplits%26nonce%3D59e950905b8f128b8665e47d7d3eeda831ecd441530227f0966152f34eab7879:0
