[    1133ms] [INFO] %cDownload the React DevTools for a better development experience: https://reactjs.org/link/react-devtools font-weight:bold @ webpack-internal:///(app-pages-browser)/./node_modules/next/dist/compiled/react-dom/cjs/react-dom.development.js:38559
[    1231ms] [WARNING] Clerk: Clerk has been loaded with development keys. Development instances have strict usage limits and should not be used when deploying your application to production. Learn more: https://clerk.com/docs/deployments/overview @ https://logical-mule-24.clerk.accounts.dev/npm/@clerk/clerk-js@5/dist/clerk.browser.js:18
[    1402ms] [LOG] [Merge Debug] ESPN games: 10, Odds games: 0 @ webpack-internal:///(app-pages-browser)/./src/app/dashboard/DashboardClient.js:883
[    1468ms] [LOG] [Merge Debug] ESPN games: 10, Odds games: 0 @ webpack-internal:///(app-pages-browser)/./src/app/dashboard/DashboardClient.js:883
[    2222ms] [ERROR] Failed to load resource: the server responded with a status of 402 (Payment Required) @ http://localhost:3000/api/heaters:0
[    2916ms] [ERROR] Failed to load resource: the server responded with a status of 402 (Payment Required) @ http://localhost:3000/api/heaters:0
[   26599ms] [WARNING] Props fetch error: Failed to fetch @ webpack-internal:///(app-pages-browser)/./src/app/dashboard/DashboardClient.js:1177
[   26939ms] [INFO] %cDownload the React DevTools for a better development experience: https://reactjs.org/link/react-devtools font-weight:bold @ webpack-internal:///(app-pages-browser)/./node_modules/next/dist/compiled/react-dom/cjs/react-dom.development.js:38559
[   26997ms] [WARNING] Clerk: Clerk has been loaded with development keys. Development instances have strict usage limits and should not be used when deploying your application to production. Learn more: https://clerk.com/docs/deployments/overview @ https://logical-mule-24.clerk.accounts.dev/npm/@clerk/clerk-js@5/dist/clerk.browser.js:18
[   27164ms] [WARNING] Clerk: The prop "afterSignInUrl" is deprecated and should be replaced with the new "fallbackRedirectUrl" or "forceRedirectUrl" props instead. Learn more: https://clerk.com/docs/guides/custom-redirects#redirect-url-props @ https://logical-mule-24.clerk.accounts.dev/npm/@clerk/clerk-js@5/dist/clerk.browser.js:18
[   27338ms] [VERBOSE] [DOM] Input elements should have autocomplete attributes (suggested: "current-password"): (More info: https://goo.gl/9p2vKq) %o @ http://localhost:3000/sign-in:0
[   29311ms] [LOG] %c%s color: red; background: yellow; font-size: 24px; WARNING! @ https://www.gstatic.com/_/mss/boq-identity/_/js/k=boq-identity.AccountsSignInUi.en.nh9jLkWB7so.es5.O/am=Kf4GAABCEUgGwP__HzIAIACCaOB6FoAmEBkAAAAAAAAAALBAAIA0Ag/d=1/excm=_b,_tp,accountchooserview/ed=1/dg=0/wt=2/ujg=1/rs=AOaEmlEcLL6FBvEQgmtW5n7WkyD71Uwl4w/dti=1/m=_b,_tp:467
[   29311ms] [LOG] %c%s font-size: 18px; Using this console may allow attackers to impersonate you and steal your information using an attack called Self-XSS.
Do not enter or paste code that you do not understand. @ https://www.gstatic.com/_/mss/boq-identity/_/js/k=boq-identity.AccountsSignInUi.en.nh9jLkWB7so.es5.O/am=Kf4GAABCEUgGwP__HzIAIACCaOB6FoAmEBkAAAAAAAAAALBAAIA0Ag/d=1/excm=_b,_tp,accountchooserview/ed=1/dg=0/wt=2/ujg=1/rs=AOaEmlEcLL6FBvEQgmtW5n7WkyD71Uwl4w/dti=1/m=_b,_tp:467
[   30241ms] [WARNING] Blocked aria-hidden on an element because its descendant retained focus. The focus must not be hidden from assistive technology users. Avoid using aria-hidden on a focused element or its ancestor. Consider using the inert attribute instead, which will also prevent focus. For more details, see the aria-hidden section of the WAI-ARIA specification at https://w3c.github.io/aria/#aria-hidden.
Element with focus: <div.sZwd7c B6Vhqe>
Ancestor with aria-hidden: <div.TdwKnf> @ https://accounts.google.com/v3/signin/accountchooser?access_type=offline&client_id=787459168867-0v2orf3qo56uocsi84iroseoahhuovdm.apps.googleusercontent.com&redirect_uri=https%3A%2F%2Fclerk.shared.lcl.dev%2Fv1%2Foauth_callback&response_type=code&scope=openid+https%3A%2F%2Fwww.googleapis.com%2Fauth%2Fuserinfo.email+https%3A%2F%2Fwww.googleapis.com%2Fauth%2Fuserinfo.profile&state=9ouf72hy8pw1kg8xpkosq0c8nh3yd3j0cbwc8bvc&dsh=S-1308356244%3A1775597515832412&o2v=1&service=lso&flowName=GeneralOAuthFlow&opparams=%253F&continue=https%3A%2F%2Faccounts.google.com%2Fsignin%2Foauth%2Fconsent%3Fauthuser%3Dunknown%26part%3DAJi8hAOM_e4RjLcPr6CNmDcB6p_cw0oX2J4aQuiwZM39sJr9ntAgRrREwv5Hqz1mB3651XQlEAg5MVOW--hYtTpIye1j79jAGi8KfGxVRcqdRtQwFALawLhaQhgDafIZReOFYmRfGwmsmO-SELg_sO-wcleMWVjwRRYHj0lik4gqygutNvxJRo1jhBx7Koo7grxf5gOVbjMptJNkSfrOf36TZlzsETBcZ37qrUcxSdRS050WKmzgfzDVin8sVEibf83J6N95U-JkQOfgxAvYF_8oLFyKec0Bkiu1n7H_mor8eLtSpgYlmDm5MK8Pxf4gSWuVOsUIZiBE0SO31VVvBi1p0pE-BzsYtJZFQfeIaJf36h35ys9TzI9uDeuJssjSAVIa8yt4-C3lug3BMUu7XGmiqLguT5yUrtYQmdIWe5dswkoKkgSSElYBY4HfgB4uKi70-72QxT9xVEEWVj1h-OBFHvfaONVqRJA3YYPepXgXFmr4A_QvOgM%26flowName%3DGeneralOAuthFlow%26as%3DS-1308356244%253A1775597515832412%26client_id%3D787459168867-0v2orf3qo56uocsi84iroseoahhuovdm.apps.googleusercontent.com%26requestPath%3D%252Fsignin%252Foauth%252Fconsent%23&app_domain=https%3A%2F%2Fclerk.shared.lcl.dev:0
[   32132ms] [ERROR] Failed to load resource: the server responded with a status of 404 () @ https://logical-mule-24.clerk.accounts.dev/favicon.ico:0
[   35303ms] [INFO] %cDownload the React DevTools for a better development experience: https://reactjs.org/link/react-devtools font-weight:bold @ webpack-internal:///(app-pages-browser)/./node_modules/next/dist/compiled/react-dom/cjs/react-dom.development.js:38559
[   35374ms] [WARNING] Clerk: Clerk has been loaded with development keys. Development instances have strict usage limits and should not be used when deploying your application to production. Learn more: https://clerk.com/docs/deployments/overview @ https://logical-mule-24.clerk.accounts.dev/npm/@clerk/clerk-js@5/dist/clerk.browser.js:18
[   35514ms] [LOG] [Merge Debug] ESPN games: 10, Odds games: 0 @ webpack-internal:///(app-pages-browser)/./src/app/dashboard/DashboardClient.js:883
[   35587ms] [LOG] [Merge Debug] ESPN games: 10, Odds games: 0 @ webpack-internal:///(app-pages-browser)/./src/app/dashboard/DashboardClient.js:883
